export const snapshot = {};

snapshot[`smoke 1`] = `
[
  {
    description: "mã môn học: PE1023
tín chỉ: --
tín chỉ học phí: 1.5
nhóm tổ: L262",
    end: {
      dateTime: "2020-10-12T10:50:00.000Z",
      timeZone: "Asia/Ho_Chi_Minh",
    },
    location: "CS2-NHATHIDAU-SAN1",
    recurrence: [],
    start: {
      dateTime: "2020-10-12T08:00:00.000Z",
      timeZone: "Asia/Ho_Chi_Minh",
    },
    summary: "Võ (Vovinam, Karate, Taewondo) (học phần 1)",
  },
  {
    description: "mã môn học: MT1003
tín chỉ: 4
tín chỉ học phí: 4
nhóm tổ: L25",
    end: {
      dateTime: "2020-10-13T02:50:00.000Z",
      timeZone: "Asia/Ho_Chi_Minh",
    },
    location: "H1-304",
    recurrence: [],
    start: {
      dateTime: "2020-10-13T00:00:00.000Z",
      timeZone: "Asia/Ho_Chi_Minh",
    },
    summary: "Giải tích 1",
  },
  {
    description: "mã môn học: PH1003
tín chỉ: 4
tín chỉ học phí: 4
nhóm tổ: L24",
    end: {
      dateTime: "2020-10-14T08:50:00.000Z",
      timeZone: "Asia/Ho_Chi_Minh",
    },
    location: "H1-301",
    recurrence: [],
    start: {
      dateTime: "2020-10-14T06:00:00.000Z",
      timeZone: "Asia/Ho_Chi_Minh",
    },
    summary: "Vật lý 1",
  },
  {
    description: "mã môn học: MT1004
tín chỉ: --
tín chỉ học phí: --
nhóm tổ: L44",
    end: {
      dateTime: "2020-10-15T09:50:00.000Z",
      timeZone: "Asia/Ho_Chi_Minh",
    },
    location: "H1-103",
    recurrence: [],
    start: {
      dateTime: "2020-10-15T08:00:00.000Z",
      timeZone: "Asia/Ho_Chi_Minh",
    },
    summary: "GIAI TICH 1 (BT)",
  },
  {
    description: "mã môn học: PE1023
tín chỉ: --
tín chỉ học phí: 1.5
nhóm tổ: L262",
    end: {
      dateTime: "2020-10-16T10:50:00.000Z",
      timeZone: "Asia/Ho_Chi_Minh",
    },
    location: "CS2-NHATHIDAU-SAN1",
    recurrence: [],
    start: {
      dateTime: "2020-10-16T08:00:00.000Z",
      timeZone: "Asia/Ho_Chi_Minh",
    },
    summary: "Võ (Vovinam, Karate, Taewondo) (học phần 1)",
  },
]
`;
