export const snapshot = {};

snapshot[`snapshot student 1`] = `
[
  {
    description: "mã môn học: PE1023
tín chỉ: --
tín chỉ học phí: 1.5
nhóm tổ: L262",
    end: {
      dateTime: "2020-10-12T10:50:00.000Z",
      timeZone: "Asia/Ho_Chi_Minh",
    },
    location: "CS2-NHATHIDAU-SAN1",
    recurrence: [
      "RRULE:FREQ=WEEKLY;UNTIL=20210118T080000Z",
      "EXDATE;TZID=Asia/Ho_Chi_Minh:20201102T150000,20201109T150000,20201116T150000,20201123T150000,20201214T150000",
    ],
    start: {
      dateTime: "2020-10-12T08:00:00.000Z",
      timeZone: "Asia/Ho_Chi_Minh",
    },
    summary: "Võ (Vovinam, Karate, Taewondo) (học phần 1)",
  },
  {
    description: "mã môn học: MT1003
tín chỉ: 4
tín chỉ học phí: 4
nhóm tổ: L25",
    end: {
      dateTime: "2020-10-13T02:50:00.000Z",
      timeZone: "Asia/Ho_Chi_Minh",
    },
    location: "H1-304",
    recurrence: [
      "RRULE:FREQ=WEEKLY;UNTIL=20210119T000000Z",
      "EXDATE;TZID=Asia/Ho_Chi_Minh:20201103T070000,20201110T070000,20201117T070000,20201124T070000,20201215T070000",
    ],
    start: {
      dateTime: "2020-10-13T00:00:00.000Z",
      timeZone: "Asia/Ho_Chi_Minh",
    },
    summary: "Giải tích 1",
  },
  {
    description: "mã môn học: PH1003
tín chỉ: 4
tín chỉ học phí: 4
nhóm tổ: L24",
    end: {
      dateTime: "2020-10-14T08:50:00.000Z",
      timeZone: "Asia/Ho_Chi_Minh",
    },
    location: "H1-301",
    recurrence: [
      "RRULE:FREQ=WEEKLY;UNTIL=20210120T060000Z",
      "EXDATE;TZID=Asia/Ho_Chi_Minh:20201104T130000,20201111T130000,20201118T130000,20201125T130000,20201216T130000",
    ],
    start: {
      dateTime: "2020-10-14T06:00:00.000Z",
      timeZone: "Asia/Ho_Chi_Minh",
    },
    summary: "Vật lý 1",
  },
  {
    description: "mã môn học: MT1004
tín chỉ: --
tín chỉ học phí: --
nhóm tổ: L44",
    end: {
      dateTime: "2020-10-15T09:50:00.000Z",
      timeZone: "Asia/Ho_Chi_Minh",
    },
    location: "H1-103",
    recurrence: [
      "RRULE:FREQ=WEEKLY;UNTIL=20210121T080000Z",
      "EXDATE;TZID=Asia/Ho_Chi_Minh:20201105T150000,20201112T150000,20201119T150000,20201126T150000,20201217T150000",
    ],
    start: {
      dateTime: "2020-10-15T08:00:00.000Z",
      timeZone: "Asia/Ho_Chi_Minh",
    },
    summary: "GIAI TICH 1 (BT)",
  },
  {
    description: "mã môn học: PE1023
tín chỉ: --
tín chỉ học phí: 1.5
nhóm tổ: L262",
    end: {
      dateTime: "2020-10-16T10:50:00.000Z",
      timeZone: "Asia/Ho_Chi_Minh",
    },
    location: "CS2-NHATHIDAU-SAN1",
    recurrence: [
      "RRULE:FREQ=WEEKLY;UNTIL=20210122T080000Z",
      "EXDATE;TZID=Asia/Ho_Chi_Minh:20201106T150000,20201113T150000,20201120T150000,20201127T150000,20201218T150000,20210101T150000",
    ],
    start: {
      dateTime: "2020-10-16T08:00:00.000Z",
      timeZone: "Asia/Ho_Chi_Minh",
    },
    summary: "Võ (Vovinam, Karate, Taewondo) (học phần 1)",
  },
]
`;

snapshot[`snapshot lecturer 1`] = `
[
  {
    description: "lớp: 20221_CO1006_L11",
    end: {
      dateTime: "2022-10-27T09:50:00.000Z",
      timeZone: "Asia/Ho_Chi_Minh",
    },
    location: "H6-707",
    recurrence: [],
    start: {
      dateTime: "2022-10-27T05:00:00.000Z",
      timeZone: "Asia/Ho_Chi_Minh",
    },
    summary: "NHAP MON DIEN TOAN (TH)",
  },
  {
    description: "lớp: 20221_CO1006_L11",
    end: {
      dateTime: "2022-11-17T09:50:00.000Z",
      timeZone: "Asia/Ho_Chi_Minh",
    },
    location: "HANGOUT_TUONGTAC",
    recurrence: [
      "RRULE:FREQ=WEEKLY;UNTIL=20221124T050000Z",
    ],
    start: {
      dateTime: "2022-11-17T05:00:00.000Z",
      timeZone: "Asia/Ho_Chi_Minh",
    },
    summary: "NHAP MON DIEN TOAN (TH)",
  },
  {
    description: "lớp: 20221_CO1006_L23",
    end: {
      dateTime: "2022-11-10T09:50:00.000Z",
      timeZone: "Asia/Ho_Chi_Minh",
    },
    location: "H6-707",
    recurrence: [
      "RRULE:FREQ=WEEKLY;UNTIL=20221222T050000Z",
      "EXDATE;TZID=Asia/Ho_Chi_Minh:20221117T120000,20221124T120000,20221201T120000,20221208T120000,20221215T120000",
    ],
    start: {
      dateTime: "2022-11-10T05:00:00.000Z",
      timeZone: "Asia/Ho_Chi_Minh",
    },
    summary: "NHAP MON DIEN TOAN (TH)",
  },
  {
    description: "lớp: 20221_CO1006_L23",
    end: {
      dateTime: "2022-11-17T09:50:00.000Z",
      timeZone: "Asia/Ho_Chi_Minh",
    },
    location: "HANGOUT_TUONGTAC",
    recurrence: [
      "RRULE:FREQ=WEEKLY;UNTIL=20221124T050000Z",
    ],
    start: {
      dateTime: "2022-11-17T05:00:00.000Z",
      timeZone: "Asia/Ho_Chi_Minh",
    },
    summary: "NHAP MON DIEN TOAN (TH)",
  },
  {
    description: "lớp: 20221_CO1006_L11",
    end: {
      dateTime: "2022-12-08T09:50:00.000Z",
      timeZone: "Asia/Ho_Chi_Minh",
    },
    location: "HANGOUT_TUONGTAC",
    recurrence: [],
    start: {
      dateTime: "2022-12-08T05:00:00.000Z",
      timeZone: "Asia/Ho_Chi_Minh",
    },
    summary: "NHAP MON DIEN TOAN (TH)",
  },
]
`;
