export const snapshot = {};

snapshot[`snapshot student > format gapi 1`] = `
[
  {
    description: "mã môn học: PE1023
tín chỉ: --
tín chỉ học phí: 1.5
nhóm tổ: L262",
    end: {
      dateTime: "2020-10-12T10:50:00.000Z",
      timeZone: "Asia/Ho_Chi_Minh",
    },
    location: "CS2-NHATHIDAU-SAN1",
    recurrence: [
      "RRULE:FREQ=WEEKLY;UNTIL=20210118T080000Z",
      "EXDATE;TZID=Asia/Ho_Chi_Minh:20201102T150000,20201109T150000,20201116T150000,20201123T150000,20201214T150000",
    ],
    start: {
      dateTime: "2020-10-12T08:00:00.000Z",
      timeZone: "Asia/Ho_Chi_Minh",
    },
    summary: "Võ (Vovinam, Karate, Taewondo) (học phần 1)",
  },
  {
    description: "mã môn học: MT1003
tín chỉ: 4
tín chỉ học phí: 4
nhóm tổ: L25",
    end: {
      dateTime: "2020-10-13T02:50:00.000Z",
      timeZone: "Asia/Ho_Chi_Minh",
    },
    location: "H1-304",
    recurrence: [
      "RRULE:FREQ=WEEKLY;UNTIL=20210119T000000Z",
      "EXDATE;TZID=Asia/Ho_Chi_Minh:20201103T070000,20201110T070000,20201117T070000,20201124T070000,20201215T070000",
    ],
    start: {
      dateTime: "2020-10-13T00:00:00.000Z",
      timeZone: "Asia/Ho_Chi_Minh",
    },
    summary: "Giải tích 1",
  },
  {
    description: "mã môn học: PH1003
tín chỉ: 4
tín chỉ học phí: 4
nhóm tổ: L24",
    end: {
      dateTime: "2020-10-14T08:50:00.000Z",
      timeZone: "Asia/Ho_Chi_Minh",
    },
    location: "H1-301",
    recurrence: [
      "RRULE:FREQ=WEEKLY;UNTIL=20210120T060000Z",
      "EXDATE;TZID=Asia/Ho_Chi_Minh:20201104T130000,20201111T130000,20201118T130000,20201125T130000,20201216T130000",
    ],
    start: {
      dateTime: "2020-10-14T06:00:00.000Z",
      timeZone: "Asia/Ho_Chi_Minh",
    },
    summary: "Vật lý 1",
  },
  {
    description: "mã môn học: MT1004
tín chỉ: --
tín chỉ học phí: --
nhóm tổ: L44",
    end: {
      dateTime: "2020-10-15T09:50:00.000Z",
      timeZone: "Asia/Ho_Chi_Minh",
    },
    location: "H1-103",
    recurrence: [
      "RRULE:FREQ=WEEKLY;UNTIL=20210121T080000Z",
      "EXDATE;TZID=Asia/Ho_Chi_Minh:20201105T150000,20201112T150000,20201119T150000,20201126T150000,20201217T150000",
    ],
    start: {
      dateTime: "2020-10-15T08:00:00.000Z",
      timeZone: "Asia/Ho_Chi_Minh",
    },
    summary: "GIAI TICH 1 (BT)",
  },
  {
    description: "mã môn học: PE1023
tín chỉ: --
tín chỉ học phí: 1.5
nhóm tổ: L262",
    end: {
      dateTime: "2020-10-16T10:50:00.000Z",
      timeZone: "Asia/Ho_Chi_Minh",
    },
    location: "CS2-NHATHIDAU-SAN1",
    recurrence: [
      "RRULE:FREQ=WEEKLY;UNTIL=20210122T080000Z",
      "EXDATE;TZID=Asia/Ho_Chi_Minh:20201106T150000,20201113T150000,20201120T150000,20201127T150000,20201218T150000,20210101T150000",
    ],
    start: {
      dateTime: "2020-10-16T08:00:00.000Z",
      timeZone: "Asia/Ho_Chi_Minh",
    },
    summary: "Võ (Vovinam, Karate, Taewondo) (học phần 1)",
  },
]
`;

snapshot[`snapshot student > format ical 1`] = `
[
  {
    description: "mã môn học: PE1023
tín chỉ: --
tín chỉ học phí: 1.5
nhóm tổ: L262",
    end: {
      dateTime: "2020-10-12T10:50:00.000Z",
      timeZone: "Asia/Ho_Chi_Minh",
    },
    location: "CS2-NHATHIDAU-SAN1",
    recurrence: [
      "RRULE:FREQ=WEEKLY;UNTIL=20210118T080000Z",
      "EXDATE;TZID=Asia/Ho_Chi_Minh:20201102T150000,20201109T150000,20201116T150000,20201123T150000,20201214T150000",
    ],
    start: {
      dateTime: "2020-10-12T08:00:00.000Z",
      timeZone: "Asia/Ho_Chi_Minh",
    },
    summary: "Võ (Vovinam, Karate, Taewondo) (học phần 1)",
  },
  {
    description: "mã môn học: MT1003
tín chỉ: 4
tín chỉ học phí: 4
nhóm tổ: L25",
    end: {
      dateTime: "2020-10-13T02:50:00.000Z",
      timeZone: "Asia/Ho_Chi_Minh",
    },
    location: "H1-304",
    recurrence: [
      "RRULE:FREQ=WEEKLY;UNTIL=20210119T000000Z",
      "EXDATE;TZID=Asia/Ho_Chi_Minh:20201103T070000,20201110T070000,20201117T070000,20201124T070000,20201215T070000",
    ],
    start: {
      dateTime: "2020-10-13T00:00:00.000Z",
      timeZone: "Asia/Ho_Chi_Minh",
    },
    summary: "Giải tích 1",
  },
  {
    description: "mã môn học: PH1003
tín chỉ: 4
tín chỉ học phí: 4
nhóm tổ: L24",
    end: {
      dateTime: "2020-10-14T08:50:00.000Z",
      timeZone: "Asia/Ho_Chi_Minh",
    },
    location: "H1-301",
    recurrence: [
      "RRULE:FREQ=WEEKLY;UNTIL=20210120T060000Z",
      "EXDATE;TZID=Asia/Ho_Chi_Minh:20201104T130000,20201111T130000,20201118T130000,20201125T130000,20201216T130000",
    ],
    start: {
      dateTime: "2020-10-14T06:00:00.000Z",
      timeZone: "Asia/Ho_Chi_Minh",
    },
    summary: "Vật lý 1",
  },
  {
    description: "mã môn học: MT1004
tín chỉ: --
tín chỉ học phí: --
nhóm tổ: L44",
    end: {
      dateTime: "2020-10-15T09:50:00.000Z",
      timeZone: "Asia/Ho_Chi_Minh",
    },
    location: "H1-103",
    recurrence: [
      "RRULE:FREQ=WEEKLY;UNTIL=20210121T080000Z",
      "EXDATE;TZID=Asia/Ho_Chi_Minh:20201105T150000,20201112T150000,20201119T150000,20201126T150000,20201217T150000",
    ],
    start: {
      dateTime: "2020-10-15T08:00:00.000Z",
      timeZone: "Asia/Ho_Chi_Minh",
    },
    summary: "GIAI TICH 1 (BT)",
  },
  {
    description: "mã môn học: PE1023
tín chỉ: --
tín chỉ học phí: 1.5
nhóm tổ: L262",
    end: {
      dateTime: "2020-10-16T10:50:00.000Z",
      timeZone: "Asia/Ho_Chi_Minh",
    },
    location: "CS2-NHATHIDAU-SAN1",
    recurrence: [
      "RRULE:FREQ=WEEKLY;UNTIL=20210122T080000Z",
      "EXDATE;TZID=Asia/Ho_Chi_Minh:20201106T150000,20201113T150000,20201120T150000,20201127T150000,20201218T150000,20210101T150000",
    ],
    start: {
      dateTime: "2020-10-16T08:00:00.000Z",
      timeZone: "Asia/Ho_Chi_Minh",
    },
    summary: "Võ (Vovinam, Karate, Taewondo) (học phần 1)",
  },
]
`;

snapshot[`snapshot lecturer > format gapi 1`] = `
[
  {
    description: "lớp: 20221_CO1006_L11",
    end: {
      dateTime: "2022-10-27T09:50:00.000Z",
      timeZone: "Asia/Ho_Chi_Minh",
    },
    location: "H6-707",
    recurrence: [],
    start: {
      dateTime: "2022-10-27T05:00:00.000Z",
      timeZone: "Asia/Ho_Chi_Minh",
    },
    summary: "NHAP MON DIEN TOAN (TH)",
  },
  {
    description: "lớp: 20221_CO1006_L11",
    end: {
      dateTime: "2022-11-17T09:50:00.000Z",
      timeZone: "Asia/Ho_Chi_Minh",
    },
    location: "HANGOUT_TUONGTAC",
    recurrence: [
      "RRULE:FREQ=WEEKLY;UNTIL=20221124T050000Z",
    ],
    start: {
      dateTime: "2022-11-17T05:00:00.000Z",
      timeZone: "Asia/Ho_Chi_Minh",
    },
    summary: "NHAP MON DIEN TOAN (TH)",
  },
  {
    description: "lớp: 20221_CO1006_L23",
    end: {
      dateTime: "2022-11-10T09:50:00.000Z",
      timeZone: "Asia/Ho_Chi_Minh",
    },
    location: "H6-707",
    recurrence: [
      "RRULE:FREQ=WEEKLY;UNTIL=20221222T050000Z",
      "EXDATE;TZID=Asia/Ho_Chi_Minh:20221117T120000,20221124T120000,20221201T120000,20221208T120000,20221215T120000",
    ],
    start: {
      dateTime: "2022-11-10T05:00:00.000Z",
      timeZone: "Asia/Ho_Chi_Minh",
    },
    summary: "NHAP MON DIEN TOAN (TH)",
  },
  {
    description: "lớp: 20221_CO1006_L23",
    end: {
      dateTime: "2022-11-17T09:50:00.000Z",
      timeZone: "Asia/Ho_Chi_Minh",
    },
    location: "HANGOUT_TUONGTAC",
    recurrence: [
      "RRULE:FREQ=WEEKLY;UNTIL=20221124T050000Z",
    ],
    start: {
      dateTime: "2022-11-17T05:00:00.000Z",
      timeZone: "Asia/Ho_Chi_Minh",
    },
    summary: "NHAP MON DIEN TOAN (TH)",
  },
  {
    description: "lớp: 20221_CO1006_L11",
    end: {
      dateTime: "2022-12-08T09:50:00.000Z",
      timeZone: "Asia/Ho_Chi_Minh",
    },
    location: "HANGOUT_TUONGTAC",
    recurrence: [],
    start: {
      dateTime: "2022-12-08T05:00:00.000Z",
      timeZone: "Asia/Ho_Chi_Minh",
    },
    summary: "NHAP MON DIEN TOAN (TH)",
  },
]
`;

snapshot[`snapshot lecturer > format ical 1`] = `
[
  {
    description: "lớp: 20221_CO1006_L11",
    end: {
      dateTime: "2022-10-27T09:50:00.000Z",
      timeZone: "Asia/Ho_Chi_Minh",
    },
    location: "H6-707",
    recurrence: [],
    start: {
      dateTime: "2022-10-27T05:00:00.000Z",
      timeZone: "Asia/Ho_Chi_Minh",
    },
    summary: "NHAP MON DIEN TOAN (TH)",
  },
  {
    description: "lớp: 20221_CO1006_L11",
    end: {
      dateTime: "2022-11-17T09:50:00.000Z",
      timeZone: "Asia/Ho_Chi_Minh",
    },
    location: "HANGOUT_TUONGTAC",
    recurrence: [
      "RRULE:FREQ=WEEKLY;UNTIL=20221124T050000Z",
    ],
    start: {
      dateTime: "2022-11-17T05:00:00.000Z",
      timeZone: "Asia/Ho_Chi_Minh",
    },
    summary: "NHAP MON DIEN TOAN (TH)",
  },
  {
    description: "lớp: 20221_CO1006_L23",
    end: {
      dateTime: "2022-11-10T09:50:00.000Z",
      timeZone: "Asia/Ho_Chi_Minh",
    },
    location: "H6-707",
    recurrence: [
      "RRULE:FREQ=WEEKLY;UNTIL=20221222T050000Z",
      "EXDATE;TZID=Asia/Ho_Chi_Minh:20221117T120000,20221124T120000,20221201T120000,20221208T120000,20221215T120000",
    ],
    start: {
      dateTime: "2022-11-10T05:00:00.000Z",
      timeZone: "Asia/Ho_Chi_Minh",
    },
    summary: "NHAP MON DIEN TOAN (TH)",
  },
  {
    description: "lớp: 20221_CO1006_L23",
    end: {
      dateTime: "2022-11-17T09:50:00.000Z",
      timeZone: "Asia/Ho_Chi_Minh",
    },
    location: "HANGOUT_TUONGTAC",
    recurrence: [
      "RRULE:FREQ=WEEKLY;UNTIL=20221124T050000Z",
    ],
    start: {
      dateTime: "2022-11-17T05:00:00.000Z",
      timeZone: "Asia/Ho_Chi_Minh",
    },
    summary: "NHAP MON DIEN TOAN (TH)",
  },
  {
    description: "lớp: 20221_CO1006_L11",
    end: {
      dateTime: "2022-12-08T09:50:00.000Z",
      timeZone: "Asia/Ho_Chi_Minh",
    },
    location: "HANGOUT_TUONGTAC",
    recurrence: [],
    start: {
      dateTime: "2022-12-08T05:00:00.000Z",
      timeZone: "Asia/Ho_Chi_Minh",
    },
    summary: "NHAP MON DIEN TOAN (TH)",
  },
]
`;

snapshot[`snapshot postgrad > format gapi 1`] = `
[
  {
    description: "cán bộ giảng dạy: GS.TS Phan Thị Tươi
lớp: 1 / 
ghi chú: ",
    end: {
      dateTime: "2023-09-10T04:50:00.000Z",
      timeZone: "Asia/Ho_Chi_Minh",
    },
    location: "Trực tuyến",
    recurrence: [
      "RRULE:FREQ=WEEKLY;UNTIL=20231008T020000Z",
    ],
    start: {
      dateTime: "2023-09-10T02:00:00.000Z",
      timeZone: "Asia/Ho_Chi_Minh",
    },
    summary: "(CO5143) - Xử lý ngôn ngữ tự nhiên",
  },
  {
    description: "cán bộ giảng dạy: GS.TS Phan Thị Tươi
lớp: 1 / 
ghi chú: ",
    end: {
      dateTime: "2023-10-15T04:50:00.000Z",
      timeZone: "Asia/Ho_Chi_Minh",
    },
    location: "601B4",
    recurrence: [
      "RRULE:FREQ=WEEKLY;UNTIL=20231112T020000Z",
    ],
    start: {
      dateTime: "2023-10-15T02:00:00.000Z",
      timeZone: "Asia/Ho_Chi_Minh",
    },
    summary: "(CO5143) - Xử lý ngôn ngữ tự nhiên",
  },
  {
    description: "cán bộ giảng dạy: TS. Phan Trọng Nhân
lớp: 1 / 
ghi chú: ",
    end: {
      dateTime: "2023-09-08T13:30:00.000Z",
      timeZone: "Asia/Ho_Chi_Minh",
    },
    location: "305B4",
    recurrence: [
      "RRULE:FREQ=WEEKLY;UNTIL=20231201T110000Z",
    ],
    start: {
      dateTime: "2023-09-08T11:00:00.000Z",
      timeZone: "Asia/Ho_Chi_Minh",
    },
    summary: "(CO5240) - Kỹ thuật dữ liệu",
  },
]
`;

snapshot[`snapshot postgrad > format ical 1`] = `
[
  {
    description: "cán bộ giảng dạy: GS.TS Phan Thị Tươi
lớp: 1 / 
ghi chú: ",
    end: {
      dateTime: "2023-09-10T04:50:00.000Z",
      timeZone: "Asia/Ho_Chi_Minh",
    },
    location: "Trực tuyến",
    recurrence: [
      "RRULE:FREQ=WEEKLY;UNTIL=20231008T020000Z",
    ],
    start: {
      dateTime: "2023-09-10T02:00:00.000Z",
      timeZone: "Asia/Ho_Chi_Minh",
    },
    summary: "(CO5143) - Xử lý ngôn ngữ tự nhiên",
  },
  {
    description: "cán bộ giảng dạy: GS.TS Phan Thị Tươi
lớp: 1 / 
ghi chú: ",
    end: {
      dateTime: "2023-10-15T04:50:00.000Z",
      timeZone: "Asia/Ho_Chi_Minh",
    },
    location: "601B4",
    recurrence: [
      "RRULE:FREQ=WEEKLY;UNTIL=20231112T020000Z",
    ],
    start: {
      dateTime: "2023-10-15T02:00:00.000Z",
      timeZone: "Asia/Ho_Chi_Minh",
    },
    summary: "(CO5143) - Xử lý ngôn ngữ tự nhiên",
  },
  {
    description: "cán bộ giảng dạy: TS. Phan Trọng Nhân
lớp: 1 / 
ghi chú: ",
    end: {
      dateTime: "2023-09-08T13:30:00.000Z",
      timeZone: "Asia/Ho_Chi_Minh",
    },
    location: "305B4",
    recurrence: [
      "RRULE:FREQ=WEEKLY;UNTIL=20231201T110000Z",
    ],
    start: {
      dateTime: "2023-09-08T11:00:00.000Z",
      timeZone: "Asia/Ho_Chi_Minh",
    },
    summary: "(CO5240) - Kỹ thuật dữ liệu",
  },
]
`;

snapshot[`timetable with no weeks > format gapi 1`] = `
[
  {
    description: "mã môn học: ME3009
tín chỉ: 3
tín chỉ học phí: 3
nhóm tổ: L01",
    end: {
      dateTime: "2023-11-17T01:50:00.000Z",
      timeZone: "Asia/Ho_Chi_Minh",
    },
    location: "H1-102",
    recurrence: [
      "RRULE:FREQ=WEEKLY;UNTIL=20231215T000000Z",
    ],
    start: {
      dateTime: "2023-11-17T00:00:00.000Z",
      timeZone: "Asia/Ho_Chi_Minh",
    },
    summary: "Các quá trình chế tạo",
  },
]
`;

snapshot[`timetable with no weeks > format ical 1`] = `
[
  {
    description: "mã môn học: ME3009
tín chỉ: 3
tín chỉ học phí: 3
nhóm tổ: L01",
    end: {
      dateTime: "2023-11-17T01:50:00.000Z",
      timeZone: "Asia/Ho_Chi_Minh",
    },
    location: "H1-102",
    recurrence: [
      "RRULE:FREQ=WEEKLY;UNTIL=20231215T000000Z",
    ],
    start: {
      dateTime: "2023-11-17T00:00:00.000Z",
      timeZone: "Asia/Ho_Chi_Minh",
    },
    summary: "Các quá trình chế tạo",
  },
]
`;

snapshot[`dash for empty time > format gapi 1`] = `
[
  {
    description: "mã môn học: PH1003
tín chỉ: 4
tín chỉ học phí: 4
nhóm tổ: L24",
    end: {
      dateTime: "2020-09-28T08:50:00.000Z",
      timeZone: "Asia/Ho_Chi_Minh",
    },
    location: "HANGOUT_TUONGTAC",
    recurrence: [
      "RRULE:FREQ=WEEKLY;UNTIL=20201214T060000Z",
    ],
    start: {
      dateTime: "2020-09-28T06:00:00.000Z",
      timeZone: "Asia/Ho_Chi_Minh",
    },
    summary: "Vật lý 1",
  },
]
`;

snapshot[`dash for empty time > format ical 1`] = `
[
  {
    description: "mã môn học: PH1003
tín chỉ: 4
tín chỉ học phí: 4
nhóm tổ: L24",
    end: {
      dateTime: "2020-09-28T08:50:00.000Z",
      timeZone: "Asia/Ho_Chi_Minh",
    },
    location: "HANGOUT_TUONGTAC",
    recurrence: [
      "RRULE:FREQ=WEEKLY;UNTIL=20201214T060000Z",
    ],
    start: {
      dateTime: "2020-09-28T06:00:00.000Z",
      timeZone: "Asia/Ho_Chi_Minh",
    },
    summary: "Vật lý 1",
  },
]
`;

snapshot[`case-insensitive header > format gapi 1`] = `
[
  {
    description: "mã môn học: IM1021
tín chỉ: 3
tín chỉ học phí: 3
nhóm tổ: L07",
    end: {
      dateTime: "2023-08-28T08:50:00.000Z",
      timeZone: "Asia/Ho_Chi_Minh",
    },
    location: "H6-214",
    recurrence: [
      "RRULE:FREQ=WEEKLY;UNTIL=20231211T070000Z",
      "EXDATE;TZID=Asia/Ho_Chi_Minh:20230904T140000,20231016T140000",
    ],
    start: {
      dateTime: "2023-08-28T07:00:00.000Z",
      timeZone: "Asia/Ho_Chi_Minh",
    },
    summary: "Khởi nghiệp",
  },
]
`;

snapshot[`case-insensitive header > format ical 1`] = `
[
  {
    description: "mã môn học: IM1021
tín chỉ: 3
tín chỉ học phí: 3
nhóm tổ: L07",
    end: {
      dateTime: "2023-08-28T08:50:00.000Z",
      timeZone: "Asia/Ho_Chi_Minh",
    },
    location: "H6-214",
    recurrence: [
      "RRULE:FREQ=WEEKLY;UNTIL=20231211T070000Z",
      "EXDATE;TZID=Asia/Ho_Chi_Minh:20230904T140000,20231016T140000",
    ],
    start: {
      dateTime: "2023-08-28T07:00:00.000Z",
      timeZone: "Asia/Ho_Chi_Minh",
    },
    summary: "Khởi nghiệp",
  },
]
`;

snapshot[`snapshot student 2024 > format gapi 1`] = `
[
  {
    description: "mã môn học: PE1033
tín chỉ: 0
tín chỉ học phí: 0
nhóm tổ: L10",
    end: {
      dateTime: "2024-01-08T10:50:00.000Z",
      timeZone: "Asia/Ho_Chi_Minh",
    },
    location: "TT THE DUC THE THAO",
    recurrence: [
      "RRULE:FREQ=WEEKLY;UNTIL=20240603T080000Z",
      "EXDATE;TZID=Asia/Ho_Chi_Minh:20240205T150000,20240212T150000,20240311T150000,20240318T150000,20240325T150000,20240401T150000,20240408T150000,20240429T150000",
    ],
    start: {
      dateTime: "2024-01-08T08:00:00.000Z",
      timeZone: "Asia/Ho_Chi_Minh",
    },
    summary: "Bóng đá (Học phần 2)",
  },
  {
    description: "mã môn học: CI1034
tín chỉ: 0
tín chỉ học phí: 0
nhóm tổ: L04",
    end: {
      dateTime: "2024-04-15T04:50:00.000Z",
      timeZone: "Asia/Ho_Chi_Minh",
    },
    location: "H6-708",
    recurrence: [
      "RRULE:FREQ=WEEKLY;UNTIL=20240527T000000Z",
      "EXDATE;TZID=Asia/Ho_Chi_Minh:20240422T070000,20240429T070000,20240506T070000,20240520T070000",
    ],
    start: {
      dateTime: "2024-04-15T00:00:00.000Z",
      timeZone: "Asia/Ho_Chi_Minh",
    },
    summary: "Vẽ kỹ thuật Xây dựng (ThL,TN)",
  },
  {
    description: "mã môn học: CH1004
tín chỉ: 0
tín chỉ học phí: 0
nhóm tổ: L33",
    end: {
      dateTime: "2024-05-15T10:50:00.000Z",
      timeZone: "Asia/Ho_Chi_Minh",
    },
    location: "H1-501",
    recurrence: [
      "RRULE:FREQ=WEEKLY;UNTIL=20240605T060000Z",
    ],
    start: {
      dateTime: "2024-05-15T06:00:00.000Z",
      timeZone: "Asia/Ho_Chi_Minh",
    },
    summary: "Hóa đại cương (TN)",
  },
  {
    description: "mã môn học: CI1033
tín chỉ: 3
tín chỉ học phí: 3
nhóm tổ: L02",
    end: {
      dateTime: "2024-01-24T03:50:00.000Z",
      timeZone: "Asia/Ho_Chi_Minh",
    },
    location: "H6-114",
    recurrence: [
      "RRULE:FREQ=WEEKLY;UNTIL=20240417T020000Z",
      "EXDATE;TZID=Asia/Ho_Chi_Minh:20240131T090000,20240207T090000,20240214T090000,20240228T090000,20240313T090000,20240320T090000,20240327T090000,20240403T090000,20240410T090000",
    ],
    start: {
      dateTime: "2024-01-24T02:00:00.000Z",
      timeZone: "Asia/Ho_Chi_Minh",
    },
    summary: "Vẽ kỹ thuật Xây dựng",
  },
  {
    description: "mã môn học: CI1069
tín chỉ: 4
tín chỉ học phí: 4
nhóm tổ: L04",
    end: {
      dateTime: "2024-01-11T07:50:00.000Z",
      timeZone: "Asia/Ho_Chi_Minh",
    },
    location: "H6-308",
    recurrence: [
      "RRULE:FREQ=WEEKLY;UNTIL=20240606T050000Z",
      "EXDATE;TZID=Asia/Ho_Chi_Minh:20240208T120000,20240215T120000,20240314T120000,20240321T120000,20240328T120000,20240404T120000,20240411T120000,20240418T120000",
    ],
    start: {
      dateTime: "2024-01-11T05:00:00.000Z",
      timeZone: "Asia/Ho_Chi_Minh",
    },
    summary: "Khoa học Trái đất",
  },
  {
    description: "mã môn học: CI1033
tín chỉ: 3
tín chỉ học phí: 3
nhóm tổ: L02",
    end: {
      dateTime: "2024-01-11T04:50:00.000Z",
      timeZone: "Asia/Ho_Chi_Minh",
    },
    location: "H6-413",
    recurrence: [
      "RRULE:FREQ=WEEKLY;UNTIL=20240606T030000Z",
      "EXDATE;TZID=Asia/Ho_Chi_Minh:20240208T100000,20240215T100000,20240314T100000,20240321T100000,20240328T100000,20240404T100000,20240411T100000,20240418T100000",
    ],
    start: {
      dateTime: "2024-01-11T03:00:00.000Z",
      timeZone: "Asia/Ho_Chi_Minh",
    },
    summary: "Vẽ kỹ thuật Xây dựng",
  },
  {
    description: "mã môn học: CH1003
tín chỉ: 3
tín chỉ học phí: 3
nhóm tổ: L11",
    end: {
      dateTime: "2024-01-12T09:50:00.000Z",
      timeZone: "Asia/Ho_Chi_Minh",
    },
    location: "H1-802",
    recurrence: [
      "RRULE:FREQ=WEEKLY;UNTIL=20240607T080000Z",
      "EXDATE;TZID=Asia/Ho_Chi_Minh:20240209T150000,20240216T150000,20240315T150000,20240322T150000,20240329T150000,20240405T150000,20240412T150000",
    ],
    start: {
      dateTime: "2024-01-12T08:00:00.000Z",
      timeZone: "Asia/Ho_Chi_Minh",
    },
    summary: "Hóa đại cương",
  },
  {
    description: "mã môn học: MT1005
tín chỉ: 4
tín chỉ học phí: 4
nhóm tổ: L18",
    end: {
      dateTime: "2024-01-12T07:50:00.000Z",
      timeZone: "Asia/Ho_Chi_Minh",
    },
    location: "H3-301",
    recurrence: [
      "RRULE:FREQ=WEEKLY;UNTIL=20240607T050000Z",
      "EXDATE;TZID=Asia/Ho_Chi_Minh:20240209T120000,20240216T120000,20240315T120000,20240322T120000,20240329T120000,20240405T120000,20240412T120000",
    ],
    start: {
      dateTime: "2024-01-12T05:00:00.000Z",
      timeZone: "Asia/Ho_Chi_Minh",
    },
    summary: "Giải tích 2",
  },
]
`;

snapshot[`snapshot student 2024 > format ical 1`] = `
[
  {
    description: "mã môn học: PE1033
tín chỉ: 0
tín chỉ học phí: 0
nhóm tổ: L10",
    end: {
      dateTime: "2024-01-08T10:50:00.000Z",
      timeZone: "Asia/Ho_Chi_Minh",
    },
    location: "TT THE DUC THE THAO",
    recurrence: [
      "RRULE:FREQ=WEEKLY;UNTIL=20240603T080000Z",
      "EXDATE;TZID=Asia/Ho_Chi_Minh:20240205T150000,20240212T150000,20240311T150000,20240318T150000,20240325T150000,20240401T150000,20240408T150000,20240429T150000",
    ],
    start: {
      dateTime: "2024-01-08T08:00:00.000Z",
      timeZone: "Asia/Ho_Chi_Minh",
    },
    summary: "Bóng đá (Học phần 2)",
  },
  {
    description: "mã môn học: CI1034
tín chỉ: 0
tín chỉ học phí: 0
nhóm tổ: L04",
    end: {
      dateTime: "2024-04-15T04:50:00.000Z",
      timeZone: "Asia/Ho_Chi_Minh",
    },
    location: "H6-708",
    recurrence: [
      "RRULE:FREQ=WEEKLY;UNTIL=20240527T000000Z",
      "EXDATE;TZID=Asia/Ho_Chi_Minh:20240422T070000,20240429T070000,20240506T070000,20240520T070000",
    ],
    start: {
      dateTime: "2024-04-15T00:00:00.000Z",
      timeZone: "Asia/Ho_Chi_Minh",
    },
    summary: "Vẽ kỹ thuật Xây dựng (ThL,TN)",
  },
  {
    description: "mã môn học: CH1004
tín chỉ: 0
tín chỉ học phí: 0
nhóm tổ: L33",
    end: {
      dateTime: "2024-05-15T10:50:00.000Z",
      timeZone: "Asia/Ho_Chi_Minh",
    },
    location: "H1-501",
    recurrence: [
      "RRULE:FREQ=WEEKLY;UNTIL=20240605T060000Z",
    ],
    start: {
      dateTime: "2024-05-15T06:00:00.000Z",
      timeZone: "Asia/Ho_Chi_Minh",
    },
    summary: "Hóa đại cương (TN)",
  },
  {
    description: "mã môn học: CI1033
tín chỉ: 3
tín chỉ học phí: 3
nhóm tổ: L02",
    end: {
      dateTime: "2024-01-24T03:50:00.000Z",
      timeZone: "Asia/Ho_Chi_Minh",
    },
    location: "H6-114",
    recurrence: [
      "RRULE:FREQ=WEEKLY;UNTIL=20240417T020000Z",
      "EXDATE;TZID=Asia/Ho_Chi_Minh:20240131T090000,20240207T090000,20240214T090000,20240228T090000,20240313T090000,20240320T090000,20240327T090000,20240403T090000,20240410T090000",
    ],
    start: {
      dateTime: "2024-01-24T02:00:00.000Z",
      timeZone: "Asia/Ho_Chi_Minh",
    },
    summary: "Vẽ kỹ thuật Xây dựng",
  },
  {
    description: "mã môn học: CI1069
tín chỉ: 4
tín chỉ học phí: 4
nhóm tổ: L04",
    end: {
      dateTime: "2024-01-11T07:50:00.000Z",
      timeZone: "Asia/Ho_Chi_Minh",
    },
    location: "H6-308",
    recurrence: [
      "RRULE:FREQ=WEEKLY;UNTIL=20240606T050000Z",
      "EXDATE;TZID=Asia/Ho_Chi_Minh:20240208T120000,20240215T120000,20240314T120000,20240321T120000,20240328T120000,20240404T120000,20240411T120000,20240418T120000",
    ],
    start: {
      dateTime: "2024-01-11T05:00:00.000Z",
      timeZone: "Asia/Ho_Chi_Minh",
    },
    summary: "Khoa học Trái đất",
  },
  {
    description: "mã môn học: CI1033
tín chỉ: 3
tín chỉ học phí: 3
nhóm tổ: L02",
    end: {
      dateTime: "2024-01-11T04:50:00.000Z",
      timeZone: "Asia/Ho_Chi_Minh",
    },
    location: "H6-413",
    recurrence: [
      "RRULE:FREQ=WEEKLY;UNTIL=20240606T030000Z",
      "EXDATE;TZID=Asia/Ho_Chi_Minh:20240208T100000,20240215T100000,20240314T100000,20240321T100000,20240328T100000,20240404T100000,20240411T100000,20240418T100000",
    ],
    start: {
      dateTime: "2024-01-11T03:00:00.000Z",
      timeZone: "Asia/Ho_Chi_Minh",
    },
    summary: "Vẽ kỹ thuật Xây dựng",
  },
  {
    description: "mã môn học: CH1003
tín chỉ: 3
tín chỉ học phí: 3
nhóm tổ: L11",
    end: {
      dateTime: "2024-01-12T09:50:00.000Z",
      timeZone: "Asia/Ho_Chi_Minh",
    },
    location: "H1-802",
    recurrence: [
      "RRULE:FREQ=WEEKLY;UNTIL=20240607T080000Z",
      "EXDATE;TZID=Asia/Ho_Chi_Minh:20240209T150000,20240216T150000,20240315T150000,20240322T150000,20240329T150000,20240405T150000,20240412T150000",
    ],
    start: {
      dateTime: "2024-01-12T08:00:00.000Z",
      timeZone: "Asia/Ho_Chi_Minh",
    },
    summary: "Hóa đại cương",
  },
  {
    description: "mã môn học: MT1005
tín chỉ: 4
tín chỉ học phí: 4
nhóm tổ: L18",
    end: {
      dateTime: "2024-01-12T07:50:00.000Z",
      timeZone: "Asia/Ho_Chi_Minh",
    },
    location: "H3-301",
    recurrence: [
      "RRULE:FREQ=WEEKLY;UNTIL=20240607T050000Z",
      "EXDATE;TZID=Asia/Ho_Chi_Minh:20240209T120000,20240216T120000,20240315T120000,20240322T120000,20240329T120000,20240405T120000,20240412T120000",
    ],
    start: {
      dateTime: "2024-01-12T05:00:00.000Z",
      timeZone: "Asia/Ho_Chi_Minh",
    },
    summary: "Giải tích 2",
  },
]
`;

snapshot[`snapshot MK > format gapi 1`] = `
[
  {
    description: "mã môn học: SP1007
tín chỉ: 2
tín chỉ học phí: 2
nhóm tổ: DL04",
    end: {
      dateTime: "2024-06-18T08:50:00.000Z",
      timeZone: "Asia/Ho_Chi_Minh",
    },
    location: "H6-212",
    recurrence: [
      "RRULE:FREQ=WEEKLY;UNTIL=20240730T070000Z",
      "EXDATE;TZID=Asia/Ho_Chi_Minh:20240716T140000",
    ],
    start: {
      dateTime: "2024-06-18T07:00:00.000Z",
      timeZone: "Asia/Ho_Chi_Minh",
    },
    summary: "Pháp luật Việt Nam Đại cương",
  },
  {
    description: "mã môn học: SP1031
tín chỉ: 3
tín chỉ học phí: 3
nhóm tổ: DL07",
    end: {
      dateTime: "2024-06-18T06:50:00.000Z",
      timeZone: "Asia/Ho_Chi_Minh",
    },
    location: "H6-212",
    recurrence: [
      "RRULE:FREQ=WEEKLY;UNTIL=20240813T050000Z",
      "EXDATE;TZID=Asia/Ho_Chi_Minh:20240716T120000",
    ],
    start: {
      dateTime: "2024-06-18T05:00:00.000Z",
      timeZone: "Asia/Ho_Chi_Minh",
    },
    summary: "Triết học Mác - Lênin",
  },
]
`;

snapshot[`snapshot MK > format ical 1`] = `
[
  {
    description: "mã môn học: SP1007
tín chỉ: 2
tín chỉ học phí: 2
nhóm tổ: DL04",
    end: {
      dateTime: "2024-06-18T08:50:00.000Z",
      timeZone: "Asia/Ho_Chi_Minh",
    },
    location: "H6-212",
    recurrence: [
      "RRULE:FREQ=WEEKLY;UNTIL=20240730T070000Z",
      "EXDATE;TZID=Asia/Ho_Chi_Minh:20240716T140000",
    ],
    start: {
      dateTime: "2024-06-18T07:00:00.000Z",
      timeZone: "Asia/Ho_Chi_Minh",
    },
    summary: "Pháp luật Việt Nam Đại cương",
  },
  {
    description: "mã môn học: SP1031
tín chỉ: 3
tín chỉ học phí: 3
nhóm tổ: DL07",
    end: {
      dateTime: "2024-06-18T06:50:00.000Z",
      timeZone: "Asia/Ho_Chi_Minh",
    },
    location: "H6-212",
    recurrence: [
      "RRULE:FREQ=WEEKLY;UNTIL=20240813T050000Z",
      "EXDATE;TZID=Asia/Ho_Chi_Minh:20240716T120000",
    ],
    start: {
      dateTime: "2024-06-18T05:00:00.000Z",
      timeZone: "Asia/Ho_Chi_Minh",
    },
    summary: "Triết học Mác - Lênin",
  },
]
`;
